[xena.tonytemplates.com/tonytemplates/pool-services/favicon.ico]
[backblue.gif]
[fade.gif]
[index.html]
[xena.tonytemplates.com/tonytemplates/pool-services/images/logo.png]
[xena.tonytemplates.com/tonytemplates/pool-services/images/slider/slide1.jpg]
[xena.tonytemplates.com/tonytemplates/pool-services/images/slider/slide2.jpg]
[xena.tonytemplates.com/tonytemplates/pool-services/images/slider/slide3.jpg]
[xena.tonytemplates.com/tonytemplates/pool-services/images/category-img-01.jpg]
[xena.tonytemplates.com/tonytemplates/pool-services/images/category-img-02.jpg]
[xena.tonytemplates.com/tonytemplates/pool-services/images/category-img-03.jpg]
[xena.tonytemplates.com/tonytemplates/pool-services/images/category-img-04.jpg]
[xena.tonytemplates.com/tonytemplates/pool-services/images/category-img-05.jpg]
[xena.tonytemplates.com/tonytemplates/pool-services/images/category-img-06.jpg]
[xena.tonytemplates.com/tonytemplates/pool-services/images/news-img-01.jpg]
[xena.tonytemplates.com/tonytemplates/pool-services/images/news-img-02.jpg]
[xena.tonytemplates.com/tonytemplates/pool-services/images/news-img-03.jpg]
[xena.tonytemplates.com/tonytemplates/pool-services/images/gallery/gallery-home-img-01-thumb.jpg]
[xena.tonytemplates.com/tonytemplates/pool-services/images/gallery/gallery-home-img-01.jpg]
[xena.tonytemplates.com/tonytemplates/pool-services/images/gallery/gallery-home-img-02-thumb.jpg]
[xena.tonytemplates.com/tonytemplates/pool-services/images/gallery/gallery-home-img-02.jpg]
[xena.tonytemplates.com/tonytemplates/pool-services/images/gallery/gallery-home-img-03-thumb.jpg]
[xena.tonytemplates.com/tonytemplates/pool-services/images/gallery/gallery-home-img-03.jpg]
[xena.tonytemplates.com/tonytemplates/pool-services/images/gallery/gallery-home-img-04-thumb.jpg]
[xena.tonytemplates.com/tonytemplates/pool-services/images/gallery/gallery-home-img-04.jpg]
[xena.tonytemplates.com/tonytemplates/pool-services/images/gallery/gallery-home-img-05-thumb.jpg]
[xena.tonytemplates.com/tonytemplates/pool-services/images/gallery/gallery-home-img-05.jpg]
[xena.tonytemplates.com/tonytemplates/pool-services/images/gallery/gallery-home-img-06-thumb.jpg]
[xena.tonytemplates.com/tonytemplates/pool-services/images/gallery/gallery-home-img-06.jpg]
[xena.tonytemplates.com/tonytemplates/pool-services/images/gallery/gallery-home-img-07-thumb.jpg]
[xena.tonytemplates.com/tonytemplates/pool-services/images/gallery/gallery-home-img-07.jpg]
[xena.tonytemplates.com/tonytemplates/pool-services/images/gallery/gallery-home-img-08-thumb.jpg]
[xena.tonytemplates.com/tonytemplates/pool-services/images/gallery/gallery-home-img-08.jpg]
[xena.tonytemplates.com/tonytemplates/pool-services/images/gallery/gallery-home-img-09-thumb.jpg]
[xena.tonytemplates.com/tonytemplates/pool-services/images/gallery/gallery-home-img-09.jpg]
[xena.tonytemplates.com/tonytemplates/pool-services/images/gallery/gallery-home-img-10-thumb.jpg]
[xena.tonytemplates.com/tonytemplates/pool-services/images/gallery/gallery-home-img-10.jpg]
[xena.tonytemplates.com/tonytemplates/pool-services/images/gallery/gallery-home-img-11-thumb.jpg]
[xena.tonytemplates.com/tonytemplates/pool-services/images/gallery/gallery-home-img-11.jpg]
[xena.tonytemplates.com/tonytemplates/pool-services/images/gallery/gallery-home-img-12-thumb.jpg]
[xena.tonytemplates.com/tonytemplates/pool-services/images/gallery/gallery-home-img-12.jpg]
[xena.tonytemplates.com/tonytemplates/pool-services/images/gallery/gallery-home-img-13-thumb.jpg]
[xena.tonytemplates.com/tonytemplates/pool-services/images/gallery/gallery-home-img-13.jpg]
[xena.tonytemplates.com/tonytemplates/pool-services/images/gallery/gallery-home-img-14-thumb.jpg]
[xena.tonytemplates.com/tonytemplates/pool-services/images/gallery/gallery-home-img-14.jpg]
[xena.tonytemplates.com/tonytemplates/pool-services/images/gallery/gallery-home-img-15-thumb.jpg]
[xena.tonytemplates.com/tonytemplates/pool-services/images/gallery/gallery-home-img-15.jpg]
[xena.tonytemplates.com/tonytemplates/pool-services/images/gallery/gallery-home-img-16-thumb.jpg]
[xena.tonytemplates.com/tonytemplates/pool-services/images/gallery/gallery-home-img-16.jpg]
[xena.tonytemplates.com/tonytemplates/pool-services/images/logo-invert.png]
[xena.tonytemplates.com/tonytemplates/pool-services/js/jquery.js]
[xena.tonytemplates.com/tonytemplates/pool-services/js/plugins/bootstrap.min.js]
[xena.tonytemplates.com/tonytemplates/pool-services/js/plugins/jquery.nivo.slider.js]
[xena.tonytemplates.com/tonytemplates/pool-services/js/plugins/slick.min.js]
[xena.tonytemplates.com/tonytemplates/pool-services/js/plugins/jquery.magnific-popup.min.js]
[xena.tonytemplates.com/tonytemplates/pool-services/js/plugins/jquery.waypoints.min.js]
[xena.tonytemplates.com/tonytemplates/pool-services/js/plugins/jquery.countTo.js]
[xena.tonytemplates.com/tonytemplates/pool-services/js/plugins/scrollLock.min.js]
[xena.tonytemplates.com/tonytemplates/pool-services/js/plugins/jquery.form.js]
[xena.tonytemplates.com/tonytemplates/pool-services/js/plugins/jquery.validate.min.js]
[xena.tonytemplates.com/tonytemplates/pool-services/js/custom.js]
[xena.tonytemplates.com/tonytemplates/pool-services/index.html]
[xena.tonytemplates.com/tonytemplates/pool-services/css/plugins/bootstrap.min.css]
[xena.tonytemplates.com/tonytemplates/pool-services/css/plugins/bootstrap-submenu.css]
[xena.tonytemplates.com/tonytemplates/pool-services/css/plugins/animate.min.css]
[xena.tonytemplates.com/tonytemplates/pool-services/css/plugins/nivo-slider.css]
[xena.tonytemplates.com/tonytemplates/pool-services/css/plugins/slick.css]
[xena.tonytemplates.com/tonytemplates/pool-services/css/plugins/magnific-popup.css]
[xena.tonytemplates.com/tonytemplates/pool-services/images/block-bg.jpg]
[xena.tonytemplates.com/tonytemplates/pool-services/images/block-bg-2.jpg]
[xena.tonytemplates.com/tonytemplates/pool-services/images/block-bg-3.jpg]
[xena.tonytemplates.com/tonytemplates/pool-services/images/footer-bg.jpg]
[xena.tonytemplates.com/tonytemplates/pool-services/images/h-decor.png]
[xena.tonytemplates.com/tonytemplates/pool-services/images/h-decor-white.png]
[xena.tonytemplates.com/tonytemplates/pool-services/images/request-form-bg.jpg]
[xena.tonytemplates.com/tonytemplates/pool-services/images/h-decor-trans.png]
[xena.tonytemplates.com/tonytemplates/pool-services/images/bg-form.jpg]
[xena.tonytemplates.com/tonytemplates/pool-services/images/border-hor.png]
[xena.tonytemplates.com/tonytemplates/pool-services/images/border-vert.png]
[xena.tonytemplates.com/tonytemplates/pool-services/images/ajax-loader.gif]
[xena.tonytemplates.com/tonytemplates/pool-services/css/custom.css]
[xena.tonytemplates.com/tonytemplates/pool-services/font/icons/fonts/pool1759.eot]
[xena.tonytemplates.com/tonytemplates/pool-services/font/icons/fonts/pool1759.ttf]
[xena.tonytemplates.com/tonytemplates/pool-services/font/icons/fonts/pool1759.woff]
[xena.tonytemplates.com/tonytemplates/pool-services/font/icons/style.css]
[xena.tonytemplates.com/tonytemplates/pool-services/images/about-img-03.jpg]
[xena.tonytemplates.com/tonytemplates/pool-services/images/about-img-01.jpg]
[xena.tonytemplates.com/tonytemplates/pool-services/images/about-img-02.jpg]
[xena.tonytemplates.com/tonytemplates/pool-services/images/person-01.jpg]
[xena.tonytemplates.com/tonytemplates/pool-services/images/person-02.jpg]
[xena.tonytemplates.com/tonytemplates/pool-services/images/person-03.jpg]
[xena.tonytemplates.com/tonytemplates/pool-services/images/person-04.jpg]
[xena.tonytemplates.com/tonytemplates/pool-services/about.html]
[xena.tonytemplates.com/tonytemplates/pool-services/testimonials.html]
[xena.tonytemplates.com/tonytemplates/pool-services/images/category-img-07.jpg]
[xena.tonytemplates.com/tonytemplates/pool-services/images/category-img-08.jpg]
[xena.tonytemplates.com/tonytemplates/pool-services/images/category-img-09.jpg]
[xena.tonytemplates.com/tonytemplates/pool-services/images/category-img-10.jpg]
[xena.tonytemplates.com/tonytemplates/pool-services/images/category-img-11.jpg]
[xena.tonytemplates.com/tonytemplates/pool-services/images/category-img-12.jpg]
[xena.tonytemplates.com/tonytemplates/pool-services/services.html]
[xena.tonytemplates.com/tonytemplates/pool-services/images/service-banner-01.jpg]
[xena.tonytemplates.com/tonytemplates/pool-services/images/service-banner-02.jpg]
[xena.tonytemplates.com/tonytemplates/pool-services/images/service-banner-03.jpg]
[xena.tonytemplates.com/tonytemplates/pool-services/images/img-service-residential.jpg]
[xena.tonytemplates.com/tonytemplates/pool-services/service-residential.html]
[xena.tonytemplates.com/tonytemplates/pool-services/images/img-service-01.jpg]
[xena.tonytemplates.com/tonytemplates/pool-services/service-page-1.html]
[xena.tonytemplates.com/tonytemplates/pool-services/images/img-service-02.jpg]
[xena.tonytemplates.com/tonytemplates/pool-services/service-page-2.html]
[xena.tonytemplates.com/tonytemplates/pool-services/service-page-3.html]
[xena.tonytemplates.com/tonytemplates/pool-services/images/img-service-04.jpg]
[xena.tonytemplates.com/tonytemplates/pool-services/images/img-service-04-1.jpg]
[xena.tonytemplates.com/tonytemplates/pool-services/images/img-service-04-2.jpg]
[xena.tonytemplates.com/tonytemplates/pool-services/service-page-4.html]
[xena.tonytemplates.com/tonytemplates/pool-services/images/img-service-05.jpg]
[xena.tonytemplates.com/tonytemplates/pool-services/images/img-service-05-1.jpg]
[xena.tonytemplates.com/tonytemplates/pool-services/service-page-5.html]
[xena.tonytemplates.com/tonytemplates/pool-services/images/img-service-06.jpg]
[xena.tonytemplates.com/tonytemplates/pool-services/images/img-service-06-1.jpg]
[xena.tonytemplates.com/tonytemplates/pool-services/service-page-6.html]
[xena.tonytemplates.com/tonytemplates/pool-services/images/img-service-commercial.jpg]
[xena.tonytemplates.com/tonytemplates/pool-services/service-commercial.html]
[xena.tonytemplates.com/tonytemplates/pool-services/images/img-service-07.jpg]
[xena.tonytemplates.com/tonytemplates/pool-services/images/img-service-07-1.jpg]
[xena.tonytemplates.com/tonytemplates/pool-services/images/img-service-07-2.jpg]
[xena.tonytemplates.com/tonytemplates/pool-services/images/img-service-07-3.jpg]
[xena.tonytemplates.com/tonytemplates/pool-services/service-page-7.html]
[xena.tonytemplates.com/tonytemplates/pool-services/images/img-service-08.jpg]
[xena.tonytemplates.com/tonytemplates/pool-services/images/img-service-08-1.jpg]
[xena.tonytemplates.com/tonytemplates/pool-services/service-page-8.html]
[xena.tonytemplates.com/tonytemplates/pool-services/images/img-service-09.jpg]
[xena.tonytemplates.com/tonytemplates/pool-services/images/img-service-09-1.jpg]
[xena.tonytemplates.com/tonytemplates/pool-services/images/img-service-09-2.jpg]
[xena.tonytemplates.com/tonytemplates/pool-services/service-page-9.html]
[xena.tonytemplates.com/tonytemplates/pool-services/images/img-service-10.jpg]
[xena.tonytemplates.com/tonytemplates/pool-services/images/img-service-10-1.jpg]
[xena.tonytemplates.com/tonytemplates/pool-services/images/img-service-10-2.jpg]
[xena.tonytemplates.com/tonytemplates/pool-services/images/img-service-10-3.jpg]
[xena.tonytemplates.com/tonytemplates/pool-services/service-page-10.html]
[xena.tonytemplates.com/tonytemplates/pool-services/images/img-service-11.jpg]
[xena.tonytemplates.com/tonytemplates/pool-services/images/img-service-11-1.jpg]
[xena.tonytemplates.com/tonytemplates/pool-services/images/img-service-11-2.jpg]
[xena.tonytemplates.com/tonytemplates/pool-services/images/img-service-11-3.jpg]
[xena.tonytemplates.com/tonytemplates/pool-services/service-page-11.html]
[xena.tonytemplates.com/tonytemplates/pool-services/images/img-service-12.jpg]
[xena.tonytemplates.com/tonytemplates/pool-services/service-page-12.html]
[xena.tonytemplates.com/tonytemplates/pool-services/images/img-service-construction.jpg]
[xena.tonytemplates.com/tonytemplates/pool-services/service-construction.html]
[xena.tonytemplates.com/tonytemplates/pool-services/prices.html]
[xena.tonytemplates.com/tonytemplates/pool-services/images/coupon-1.jpg]
[xena.tonytemplates.com/tonytemplates/pool-services/images/logo-coupon.png]
[xena.tonytemplates.com/tonytemplates/pool-services/images/coupon-2.jpg]
[xena.tonytemplates.com/tonytemplates/pool-services/images/coupon-3.jpg]
[xena.tonytemplates.com/tonytemplates/pool-services/images/coupon-4.jpg]
[xena.tonytemplates.com/tonytemplates/pool-services/images/coupon-5.jpg]
[xena.tonytemplates.com/tonytemplates/pool-services/images/coupon-6.jpg]
[xena.tonytemplates.com/tonytemplates/pool-services/coupons.html]
[xena.tonytemplates.com/tonytemplates/pool-services/images/gallery/gallery-img-01.jpg]
[xena.tonytemplates.com/tonytemplates/pool-services/images/gallery/gallery-img-02.jpg]
[xena.tonytemplates.com/tonytemplates/pool-services/images/gallery/gallery-img-03.jpg]
[xena.tonytemplates.com/tonytemplates/pool-services/images/gallery/gallery-img-04.jpg]
[xena.tonytemplates.com/tonytemplates/pool-services/images/gallery/gallery-img-05.jpg]
[xena.tonytemplates.com/tonytemplates/pool-services/images/gallery/gallery-img-06.jpg]
[xena.tonytemplates.com/tonytemplates/pool-services/images/gallery/gallery-img-07.jpg]
[xena.tonytemplates.com/tonytemplates/pool-services/images/gallery/gallery-img-08.jpg]
[xena.tonytemplates.com/tonytemplates/pool-services/images/gallery/gallery-img-09.jpg]
[xena.tonytemplates.com/tonytemplates/pool-services/images/gallery/gallery-img-10.jpg]
[xena.tonytemplates.com/tonytemplates/pool-services/images/gallery/gallery-img-11.jpg]
[xena.tonytemplates.com/tonytemplates/pool-services/images/gallery/gallery-img-12.jpg]
[xena.tonytemplates.com/tonytemplates/pool-services/images/gallery/gallery-img-13.jpg]
[xena.tonytemplates.com/tonytemplates/pool-services/images/gallery/gallery-img-14.jpg]
[xena.tonytemplates.com/tonytemplates/pool-services/images/gallery/gallery-img-15.jpg]
[xena.tonytemplates.com/tonytemplates/pool-services/images/gallery/gallery-img-16.jpg]
[xena.tonytemplates.com/tonytemplates/pool-services/images/gallery/gallery-img-17.jpg]
[xena.tonytemplates.com/tonytemplates/pool-services/images/gallery/gallery-img-18.jpg]
[xena.tonytemplates.com/tonytemplates/pool-services/images/gallery/gallery-img-19.jpg]
[xena.tonytemplates.com/tonytemplates/pool-services/images/gallery/gallery-img-20.jpg]
[xena.tonytemplates.com/tonytemplates/pool-services/gallery-more-ajax.txt]
[xena.tonytemplates.com/tonytemplates/pool-services/js/plugins/imagesloaded.pkgd.min.js]
[xena.tonytemplates.com/tonytemplates/pool-services/js/plugins/isotope.pkgd.min.js]
[xena.tonytemplates.com/tonytemplates/pool-services/gallery.html]
[xena.tonytemplates.com/tonytemplates/pool-services/images/blog/blog-post-img-1.jpg]
[xena.tonytemplates.com/tonytemplates/pool-services/images/blog/blog-post-img-2.jpg]
[xena.tonytemplates.com/tonytemplates/pool-services/images/blog/blog-post-img-2-1.jpg]
[xena.tonytemplates.com/tonytemplates/pool-services/images/blog/blog-post-img-2-2.jpg]
[xena.tonytemplates.com/tonytemplates/pool-services/images/blog/blog-post-img-3.jpg]
[xena.tonytemplates.com/tonytemplates/pool-services/post-more-ajax.txt]
[xena.tonytemplates.com/tonytemplates/pool-services/images/blog/blog-post-featured-1.jpg]
[xena.tonytemplates.com/tonytemplates/pool-services/images/blog/blog-post-featured-2.jpg]
[xena.tonytemplates.com/tonytemplates/pool-services/blog.html]
[xena.tonytemplates.com/tonytemplates/pool-services/post-more-ajax-card.txt]
[xena.tonytemplates.com/tonytemplates/pool-services/blog-card.html]
[xena.tonytemplates.com/tonytemplates/pool-services/images/blog/author-1.jpg]
[xena.tonytemplates.com/tonytemplates/pool-services/blog-single.html]
[xena.tonytemplates.com/tonytemplates/pool-services/tips.html]
[xena.tonytemplates.com/tonytemplates/pool-services/images/product/shop-product-popular-1.jpg]
[xena.tonytemplates.com/tonytemplates/pool-services/images/product/shop-product-popular-2.jpg]
[xena.tonytemplates.com/tonytemplates/pool-services/images/product/shop-product-popular-3.jpg]
[xena.tonytemplates.com/tonytemplates/pool-services/images/product/shop-prd-1.jpg]
[xena.tonytemplates.com/tonytemplates/pool-services/images/product/shop-prd-2.jpg]
[xena.tonytemplates.com/tonytemplates/pool-services/images/product/shop-prd-3.jpg]
[xena.tonytemplates.com/tonytemplates/pool-services/images/product/shop-prd-4.jpg]
[xena.tonytemplates.com/tonytemplates/pool-services/images/product/shop-prd-5.jpg]
[xena.tonytemplates.com/tonytemplates/pool-services/images/product/shop-prd-6.jpg]
[xena.tonytemplates.com/tonytemplates/pool-services/images/product/shop-prd-7.jpg]
[xena.tonytemplates.com/tonytemplates/pool-services/images/product/shop-prd-8.jpg]
[xena.tonytemplates.com/tonytemplates/pool-services/images/product/shop-prd-9.jpg]
[xena.tonytemplates.com/tonytemplates/pool-services/js/plugins/nouislider.min.js]
[xena.tonytemplates.com/tonytemplates/pool-services/shop.html]
[xena.tonytemplates.com/tonytemplates/pool-services/images/map-marker.png]
[xena.tonytemplates.com/tonytemplates/pool-services/contact.html]
[xena.tonytemplates.com/tonytemplates/pool-services/css/fonts/glyphicons-halflings-regular.html]
[xena.tonytemplates.com/tonytemplates/pool-services/css/fonts/glyphicons-halflings-regulard41d.html]
[xena.tonytemplates.com/tonytemplates/pool-services/css/fonts/glyphicons-halflings-regular-2.html]
[xena.tonytemplates.com/tonytemplates/pool-services/css/fonts/glyphicons-halflings-regular-3.html]
[xena.tonytemplates.com/tonytemplates/pool-services/css/fonts/glyphicons-halflings-regular-4.html]
[xena.tonytemplates.com/tonytemplates/pool-services/css/fonts/glyphicons-halflings-regular-5.html]
[xena.tonytemplates.com/tonytemplates/pool-services/font/icons/fonts/pool1759.svg]
[xena.tonytemplates.com/tonytemplates/pool-services/css/plugins/nouislider.css]
[xena.tonytemplates.com/tonytemplates/pool-services/images/product/prd-big-1.jpg]
[xena.tonytemplates.com/tonytemplates/pool-services/images/product/prd-thumb-1.jpg]
[xena.tonytemplates.com/tonytemplates/pool-services/images/product/prd-big-2.jpg]
[xena.tonytemplates.com/tonytemplates/pool-services/images/product/prd-thumb-2.jpg]
[xena.tonytemplates.com/tonytemplates/pool-services/images/product/prd-big-3.jpg]
[xena.tonytemplates.com/tonytemplates/pool-services/images/product/prd-thumb-3.jpg]
[xena.tonytemplates.com/tonytemplates/pool-services/js/plugins/jquery.elevateZoom-3.0.8.min.js]
[xena.tonytemplates.com/tonytemplates/pool-services/product.html]
